// Jest Snapshot v1, https://goo.gl/fbAQLP

exports[`renders icon component 1`] = `
<img
  alt="Logo"
  src="res/logo/Blinklist.png"
/>
`;
