// Jest Snapshot v1, https://goo.gl/fbAQLP

exports[`MyLibrary Template Render MyLibrary Template 1`] = `
<div
  class="my-library-template-container"
  data-testid="my-library-template-id"
>
  <div
    class="container"
  >
    <div>
      Dummy View
    </div>
    <div
      class="makeStyles-contentContainer-1 MuiBox-root css-0"
    >
      <div
        class="MuiGrid-root MuiGrid-container MuiGrid-spacing-xs-5 MuiGrid-direction-xs-column css-vacfyj-MuiGrid-root"
      >
        <div
          class="MuiGrid-root MuiGrid-item css-13i4rnv-MuiGrid-root"
        >
          <div>
            Dummy View
          </div>
        </div>
        <div
          class="MuiGrid-root MuiGrid-item css-13i4rnv-MuiGrid-root"
        >
          <div>
            Dummy View
          </div>
        </div>
      </div>
    </div>
    <div>
      Dummy View
    </div>
  </div>
</div>
`;
