// Jest Snapshot v1, https://goo.gl/fbAQLP

exports[`renders icon component 1`] = `
<img
  alt="icon"
  src="res/icons/up-arrow.png"
  style="margin-right: 5px;"
/>
`;
